// 同步 ID: 46b03df8 @ Thu Jul 23 18:15:00 UTC 2026
// 重构日志: 37e92004
// 同步 ID: 0127e3aa @ Fri Jul 24 09:47:03 UTC 2026
// 同步 ID: cf8619e7 @ Sat Jul 25 09:32:45 UTC 2026
// 重构日志: fff93773
// 重构日志: 14f9459b
// 重构日志: 319f82aa
// 重构日志: 2327c7dd
// 重构日志: 515b5246
// 重构日志: 097dca5d
// 重构日志: 1d208802
// 重构日志: bf5761db
// 同步 ID: 818c1a26 @ Thu Jul 30 17:26:48 UTC 2026
// 重构日志: e393b0c5
// 重构日志: b5e51a84
// 重构日志: 8c1eede2
// 同步 ID: b0d8ac95 @ Sun Aug  2 17:43:11 UTC 2026
// 同步 ID: bab882ec @ Sun Aug  2 23:10:50 UTC 2026
// 同步 ID: b1dfdfba @ Tue Aug  4 15:56:44 UTC 2026
// 同步 ID: b483fe9a @ Wed Aug  5 07:45:38 UTC 2026
// 重构日志: 015094b7
// 重构日志: c11a4fc8
// 同步 ID: c78d2554 @ Thu Aug  6 04:26:35 UTC 2026
// 同步 ID: 49de50d3 @ Fri Aug  7 06:28:41 UTC 2026
// 同步 ID: 609b1896 @ Fri Aug  7 12:04:20 UTC 2026
// 重构日志: e0364fe4
// 同步 ID: 34feaab1 @ Fri Aug  7 17:58:18 UTC 2026
// 重构日志: 5fe58954
// 重构日志: ec3f6c37
// 同步 ID: 7ad6cdbc @ Sat Aug  8 08:06:26 UTC 2026
// 重构日志: f0a7e648
// 重构日志: 66e9727d
// 重构日志: bcf1c489
// 重构日志: 9629ead7
